// Jest Snapshot v1, https://goo.gl/fbAQLP

exports[`Routes  should test article route 1`] = `ShallowWrapper {}`;
