// Jest Snapshot v1, https://goo.gl/fbAQLP

exports[`Routes  should test routes 1`] = `ShallowWrapper {}`;
