// Jest Snapshot v1, https://goo.gl/fbAQLP

exports[`App Should maintain existing snapshot 1`] = `ShallowWrapper {}`;
