// Jest Snapshot v1, https://goo.gl/fbAQLP

exports[`<Button /> renders correctly 1`] = `
<button
  aria-label={null}
  className="btn btn-secondary"
  onClick={[Function]}
/>
`;
