// Jest Snapshot v1, https://goo.gl/fbAQLP

exports[`<FormErrorText /> renders correctly 1`] = `null`;
