// Jest Snapshot v1, https://goo.gl/fbAQLP

exports[`Toast Message  should render ToastMessage correctly 1`] = `ShallowWrapper {}`;
