// Jest Snapshot v1, https://goo.gl/fbAQLP

exports[`Article Container should render Article container container 1`] = `ShallowWrapper {}`;
