// Jest Snapshot v1, https://goo.gl/fbAQLP

exports[`Create Article Page Should maintain existing snapshot 1`] = `ShallowWrapper {}`;
