// Jest Snapshot v1, https://goo.gl/fbAQLP

exports[`Article Top rated should render article top rated correctly 1`] = `ShallowWrapper {}`;
