// Jest Snapshot v1, https://goo.gl/fbAQLP

exports[`Article header component should render Article header component correctly 1`] = `ShallowWrapper {}`;

exports[`Article header component should render Article header component correctly 2`] = `ShallowWrapper {}`;
