// Jest Snapshot v1, https://goo.gl/fbAQLP

exports[`Article Form Should maintain existing snapshot 1`] = `ShallowWrapper {}`;
