// Jest Snapshot v1, https://goo.gl/fbAQLP

exports[`<Articles /> renders correctly 1`] = `ShallowWrapper {}`;
