// Jest Snapshot v1, https://goo.gl/fbAQLP

exports[`Comment component should render comment component correctly 1`] = `ShallowWrapper {}`;
