// Jest Snapshot v1, https://goo.gl/fbAQLP

exports[`<CommentSection /> should render comment component correctly 1`] = `ShallowWrapper {}`;
