// Jest Snapshot v1, https://goo.gl/fbAQLP

exports[`<EditUserProfile /> renders correctly 1`] = `ShallowWrapper {}`;
