// Jest Snapshot v1, https://goo.gl/fbAQLP

exports[`Email Share Modal Component Email share modal article should render 1`] = `ShallowWrapper {}`;
