// Jest Snapshot v1, https://goo.gl/fbAQLP

exports[`Follower Page should match snapshot 1`] = `ShallowWrapper {}`;
