// Jest Snapshot v1, https://goo.gl/fbAQLP

exports[`<ResetPasswordComponent /> renders correctly 1`] = `ShallowWrapper {}`;
