// Jest Snapshot v1, https://goo.gl/fbAQLP

exports[`Side Drawer should render side drawer correctly 1`] = `ShallowWrapper {}`;
