// Jest Snapshot v1, https://goo.gl/fbAQLP

exports[`<SingleComment /> should render comment component correctly 1`] = `ShallowWrapper {}`;
