// Jest Snapshot v1, https://goo.gl/fbAQLP

exports[`Tags Modal Should maintain existing snapshot 1`] = `ShallowWrapper {}`;
