// Jest Snapshot v1, https://goo.gl/fbAQLP

exports[`should take a snapshot of the current profile details 1`] = `ShallowWrapper {}`;
